Archive member included because of file (symbol)

c:/program files (x86)/atmel/avr tools/avr toolchain/bin/../lib/gcc/avr/4.5.1/avr4\libgcc.a(_exit.o)
                              c:/program files (x86)/atmel/avr tools/avr toolchain/bin/../lib/gcc/avr/4.5.1/../../../../avr/lib/avr4/crtm8.o (exit)
c:/program files (x86)/atmel/avr tools/avr toolchain/bin/../lib/gcc/avr/4.5.1/avr4\libgcc.a(_copy_data.o)
                              Termometr2.o (__do_copy_data)
c:/program files (x86)/atmel/avr tools/avr toolchain/bin/../lib/gcc/avr/4.5.1/avr4\libgcc.a(_clear_bss.o)
                              Termometr2.o (__do_clear_bss)
c:/program files (x86)/atmel/avr tools/avr toolchain/bin/../lib/gcc/avr/4.5.1/../../../../avr/lib/avr4\libc.a(itoa.o)
                              lcd44780.o (itoa)
c:/program files (x86)/atmel/avr tools/avr toolchain/bin/../lib/gcc/avr/4.5.1/../../../../avr/lib/avr4\libc.a(eerd_byte_atmega8.o)
                              lcd44780.o (__eerd_byte_m8)
c:/program files (x86)/atmel/avr tools/avr toolchain/bin/../lib/gcc/avr/4.5.1/../../../../avr/lib/avr4\libc.a(strrev.o)
                              c:/program files (x86)/atmel/avr tools/avr toolchain/bin/../lib/gcc/avr/4.5.1/../../../../avr/lib/avr4\libc.a(itoa.o) (strrev)
c:/program files (x86)/atmel/avr tools/avr toolchain/bin/../lib/gcc/avr/4.5.1/avr4\libgcc.a(_udivmodhi4.o)
                              c:/program files (x86)/atmel/avr tools/avr toolchain/bin/../lib/gcc/avr/4.5.1/../../../../avr/lib/avr4\libc.a(itoa.o) (__udivmodhi4)

Allocating common symbols
Common symbol       size              file

cel_fract_bits      0x1               Termometr2.o
subzero             0x1               Termometr2.o
cel                 0x1               Termometr2.o
czujniki_cnt        0x1               Termometr2.o
gSensorIDs          0x8               ds18x20.o

Memory Configuration

Name             Origin             Length             Attributes
text             0x00000000         0x00002000         xr
data             0x00800060         0x0000ffa0         rw !x
eeprom           0x00810000         0x00010000         rw !x
fuse             0x00820000         0x00000400         rw !x
lock             0x00830000         0x00000400         rw !x
signature        0x00840000         0x00000400         rw !x
*default*        0x00000000         0xffffffff

Linker script and memory map

LOAD c:/program files (x86)/atmel/avr tools/avr toolchain/bin/../lib/gcc/avr/4.5.1/../../../../avr/lib/avr4/crtm8.o
LOAD Termometr2.o
LOAD lcd44780.o
LOAD onewire.o
LOAD ds18x20.o
LOAD crc8.o
LOAD c:/program files (x86)/atmel/avr tools/avr toolchain/bin/../lib/gcc/avr/4.5.1/avr4\libgcc.a
LOAD c:/program files (x86)/atmel/avr tools/avr toolchain/bin/../lib/gcc/avr/4.5.1/../../../../avr/lib/avr4\libc.a
LOAD c:/program files (x86)/atmel/avr tools/avr toolchain/bin/../lib/gcc/avr/4.5.1/avr4\libgcc.a

.hash
 *(.hash)

.dynsym
 *(.dynsym)

.dynstr
 *(.dynstr)

.gnu.version
 *(.gnu.version)

.gnu.version_d
 *(.gnu.version_d)

.gnu.version_r
 *(.gnu.version_r)

.rel.init
 *(.rel.init)

.rela.init
 *(.rela.init)

.rel.text
 *(.rel.text)
 *(.rel.text.*)
 *(.rel.gnu.linkonce.t*)

.rela.text
 *(.rela.text)
 *(.rela.text.*)
 *(.rela.gnu.linkonce.t*)

.rel.fini
 *(.rel.fini)

.rela.fini
 *(.rela.fini)

.rel.rodata
 *(.rel.rodata)
 *(.rel.rodata.*)
 *(.rel.gnu.linkonce.r*)

.rela.rodata
 *(.rela.rodata)
 *(.rela.rodata.*)
 *(.rela.gnu.linkonce.r*)

.rel.data
 *(.rel.data)
 *(.rel.data.*)
 *(.rel.gnu.linkonce.d*)

.rela.data
 *(.rela.data)
 *(.rela.data.*)
 *(.rela.gnu.linkonce.d*)

.rel.ctors
 *(.rel.ctors)

.rela.ctors
 *(.rela.ctors)

.rel.dtors
 *(.rel.dtors)

.rela.dtors
 *(.rela.dtors)

.rel.got
 *(.rel.got)

.rela.got
 *(.rela.got)

.rel.bss
 *(.rel.bss)

.rela.bss
 *(.rela.bss)

.rel.plt
 *(.rel.plt)

.rela.plt
 *(.rela.plt)

.text           0x00000000      0x860
 *(.vectors)
 .vectors       0x00000000       0x26 c:/program files (x86)/atmel/avr tools/avr toolchain/bin/../lib/gcc/avr/4.5.1/../../../../avr/lib/avr4/crtm8.o
                0x00000000                __vector_default
                0x00000000                __vectors
 *(.vectors)
 *(.progmem.gcc*)
 *(.progmem*)
                0x00000026                . = ALIGN (0x2)
                0x00000026                __trampolines_start = .
 *(.trampolines)
 .trampolines   0x00000026        0x0 linker stubs
 *(.trampolines*)
                0x00000026                __trampolines_end = .
 *(.jumptables)
 *(.jumptables*)
 *(.lowtext)
 *(.lowtext*)
                0x00000026                __ctors_start = .
 *(.ctors)
                0x00000026                __ctors_end = .
                0x00000026                __dtors_start = .
 *(.dtors)
                0x00000026                __dtors_end = .
 SORT(*)(.ctors)
 SORT(*)(.dtors)
 *(.init0)
 .init0         0x00000026        0x0 c:/program files (x86)/atmel/avr tools/avr toolchain/bin/../lib/gcc/avr/4.5.1/../../../../avr/lib/avr4/crtm8.o
                0x00000026                __init
 *(.init0)
 *(.init1)
 *(.init1)
 *(.init2)
 .init2         0x00000026        0xc c:/program files (x86)/atmel/avr tools/avr toolchain/bin/../lib/gcc/avr/4.5.1/../../../../avr/lib/avr4/crtm8.o
 *(.init2)
 *(.init3)
 *(.init3)
 *(.init4)
 .init4         0x00000032       0x16 c:/program files (x86)/atmel/avr tools/avr toolchain/bin/../lib/gcc/avr/4.5.1/avr4\libgcc.a(_copy_data.o)
                0x00000032                __do_copy_data
 .init4         0x00000048       0x10 c:/program files (x86)/atmel/avr tools/avr toolchain/bin/../lib/gcc/avr/4.5.1/avr4\libgcc.a(_clear_bss.o)
                0x00000048                __do_clear_bss
 *(.init4)
 *(.init5)
 *(.init5)
 *(.init6)
 *(.init6)
 *(.init7)
 *(.init7)
 *(.init8)
 *(.init8)
 *(.init9)
 .init9         0x00000058        0x4 c:/program files (x86)/atmel/avr tools/avr toolchain/bin/../lib/gcc/avr/4.5.1/../../../../avr/lib/avr4/crtm8.o
 *(.init9)
 *(.text)
 .text          0x0000005c        0x2 c:/program files (x86)/atmel/avr tools/avr toolchain/bin/../lib/gcc/avr/4.5.1/../../../../avr/lib/avr4/crtm8.o
                0x0000005c                __vector_1
                0x0000005c                __vector_12
                0x0000005c                __bad_interrupt
                0x0000005c                __vector_6
                0x0000005c                __vector_3
                0x0000005c                __vector_11
                0x0000005c                __vector_13
                0x0000005c                __vector_17
                0x0000005c                __vector_7
                0x0000005c                __vector_5
                0x0000005c                __vector_4
                0x0000005c                __vector_9
                0x0000005c                __vector_2
                0x0000005c                __vector_15
                0x0000005c                __vector_8
                0x0000005c                __vector_14
                0x0000005c                __vector_10
                0x0000005c                __vector_16
                0x0000005c                __vector_18
 .text          0x0000005e       0x74 Termometr2.o
                0x0000005e                main
 .text          0x000000d2      0x226 lcd44780.o
                0x00000106                _lcd_write_byte
                0x0000012a                lcd_write_cmd
                0x00000130                lcd_write_data
                0x00000136                lcd_char
                0x00000144                lcd_str
                0x00000164                lcd_str_P
                0x0000018a                lcd_str_E
                0x000001b0                lcd_int
                0x000001e4                lcd_defchar
                0x0000020e                lcd_defchar_P
                0x00000248                lcd_defchar_E
                0x00000282                lcd_locate
                0x00000290                lcd_cls
                0x000002a2                lcd_init
 .text          0x000002f8      0x14e onewire.o
                0x000002f8                ow_input_pin_state
                0x000002fe                ow_parasite_enable
                0x00000304                ow_parasite_disable
                0x0000030a                ow_reset
                0x00000336                ow_bit_io
                0x0000035e                ow_byte_wr
                0x0000037e                ow_byte_rd
                0x00000384                ow_rom_search
                0x00000412                ow_command
 .text          0x00000446      0x344 ds18x20.o
                0x00000446                DS18X20_meas_to_cel
                0x00000524                DS18X20_find_sensor
                0x00000556                search_sensors
                0x000005e6                DS18X20_get_power_status
                0x0000060e                DS18X20_start_meas
                0x0000063c                DS18X20_read_meas
                0x000006e6                DS18X20_read_meas_single
 .text          0x0000078a       0x3c crc8.o
                0x0000078a                crc8
 .text          0x000007c6        0x0 c:/program files (x86)/atmel/avr tools/avr toolchain/bin/../lib/gcc/avr/4.5.1/avr4\libgcc.a(_exit.o)
 .text          0x000007c6        0x0 c:/program files (x86)/atmel/avr tools/avr toolchain/bin/../lib/gcc/avr/4.5.1/avr4\libgcc.a(_copy_data.o)
 .text          0x000007c6        0x0 c:/program files (x86)/atmel/avr tools/avr toolchain/bin/../lib/gcc/avr/4.5.1/avr4\libgcc.a(_clear_bss.o)
 .text          0x000007c6        0x0 c:/program files (x86)/atmel/avr tools/avr toolchain/bin/../lib/gcc/avr/4.5.1/../../../../avr/lib/avr4\libc.a(itoa.o)
 .text          0x000007c6        0x0 c:/program files (x86)/atmel/avr tools/avr toolchain/bin/../lib/gcc/avr/4.5.1/../../../../avr/lib/avr4\libc.a(eerd_byte_atmega8.o)
 .text          0x000007c6        0x0 c:/program files (x86)/atmel/avr tools/avr toolchain/bin/../lib/gcc/avr/4.5.1/../../../../avr/lib/avr4\libc.a(strrev.o)
 .text          0x000007c6        0x0 c:/program files (x86)/atmel/avr tools/avr toolchain/bin/../lib/gcc/avr/4.5.1/avr4\libgcc.a(_udivmodhi4.o)
                0x000007c6                . = ALIGN (0x2)
 *(.text.*)
 .text.libgcc   0x000007c6        0x0 c:/program files (x86)/atmel/avr tools/avr toolchain/bin/../lib/gcc/avr/4.5.1/avr4\libgcc.a(_exit.o)
 .text.libgcc   0x000007c6        0x0 c:/program files (x86)/atmel/avr tools/avr toolchain/bin/../lib/gcc/avr/4.5.1/avr4\libgcc.a(_copy_data.o)
 .text.libgcc   0x000007c6        0x0 c:/program files (x86)/atmel/avr tools/avr toolchain/bin/../lib/gcc/avr/4.5.1/avr4\libgcc.a(_clear_bss.o)
 .text.avr-libc
                0x000007c6       0x3e c:/program files (x86)/atmel/avr tools/avr toolchain/bin/../lib/gcc/avr/4.5.1/../../../../avr/lib/avr4\libc.a(itoa.o)
                0x000007c6                itoa
 .text.avr-libc
                0x00000804       0x10 c:/program files (x86)/atmel/avr tools/avr toolchain/bin/../lib/gcc/avr/4.5.1/../../../../avr/lib/avr4\libc.a(eerd_byte_atmega8.o)
                0x00000804                __eerd_byte_m8
 .text.avr-libc
                0x00000814       0x20 c:/program files (x86)/atmel/avr tools/avr toolchain/bin/../lib/gcc/avr/4.5.1/../../../../avr/lib/avr4\libc.a(strrev.o)
                0x00000814                strrev
 .text.libgcc   0x00000834       0x28 c:/program files (x86)/atmel/avr tools/avr toolchain/bin/../lib/gcc/avr/4.5.1/avr4\libgcc.a(_udivmodhi4.o)
                0x00000834                __udivmodhi4
                0x0000085c                . = ALIGN (0x2)
 *(.fini9)
 .fini9         0x0000085c        0x0 c:/program files (x86)/atmel/avr tools/avr toolchain/bin/../lib/gcc/avr/4.5.1/avr4\libgcc.a(_exit.o)
                0x0000085c                _exit
                0x0000085c                exit
 *(.fini9)
 *(.fini8)
 *(.fini8)
 *(.fini7)
 *(.fini7)
 *(.fini6)
 *(.fini6)
 *(.fini5)
 *(.fini5)
 *(.fini4)
 *(.fini4)
 *(.fini3)
 *(.fini3)
 *(.fini2)
 *(.fini2)
 *(.fini1)
 *(.fini1)
 *(.fini0)
 .fini0         0x0000085c        0x4 c:/program files (x86)/atmel/avr tools/avr toolchain/bin/../lib/gcc/avr/4.5.1/avr4\libgcc.a(_exit.o)
 *(.fini0)
                0x00000860                _etext = .

.data           0x00800060       0x2c load address 0x00000860
                0x00800060                PROVIDE (__data_start, .)
 *(.data)
 .data          0x00800060        0x0 c:/program files (x86)/atmel/avr tools/avr toolchain/bin/../lib/gcc/avr/4.5.1/../../../../avr/lib/avr4/crtm8.o
 .data          0x00800060       0x1b Termometr2.o
 .data          0x0080007b        0x0 lcd44780.o
 .data          0x0080007b        0x0 onewire.o
 .data          0x0080007b       0x10 ds18x20.o
 .data          0x0080008b        0x0 crc8.o
 .data          0x0080008b        0x0 c:/program files (x86)/atmel/avr tools/avr toolchain/bin/../lib/gcc/avr/4.5.1/avr4\libgcc.a(_exit.o)
 .data          0x0080008b        0x0 c:/program files (x86)/atmel/avr tools/avr toolchain/bin/../lib/gcc/avr/4.5.1/avr4\libgcc.a(_copy_data.o)
 .data          0x0080008b        0x0 c:/program files (x86)/atmel/avr tools/avr toolchain/bin/../lib/gcc/avr/4.5.1/avr4\libgcc.a(_clear_bss.o)
 .data          0x0080008b        0x0 c:/program files (x86)/atmel/avr tools/avr toolchain/bin/../lib/gcc/avr/4.5.1/../../../../avr/lib/avr4\libc.a(itoa.o)
 .data          0x0080008b        0x0 c:/program files (x86)/atmel/avr tools/avr toolchain/bin/../lib/gcc/avr/4.5.1/../../../../avr/lib/avr4\libc.a(eerd_byte_atmega8.o)
 .data          0x0080008b        0x0 c:/program files (x86)/atmel/avr tools/avr toolchain/bin/../lib/gcc/avr/4.5.1/../../../../avr/lib/avr4\libc.a(strrev.o)
 .data          0x0080008b        0x0 c:/program files (x86)/atmel/avr tools/avr toolchain/bin/../lib/gcc/avr/4.5.1/avr4\libgcc.a(_udivmodhi4.o)
 *(.data*)
 *(.rodata)
 *(.rodata*)
 *(.gnu.linkonce.d*)
                0x0080008c                . = ALIGN (0x2)
 *fill*         0x0080008b        0x1 00
                0x0080008c                _edata = .
                0x0080008c                PROVIDE (__data_end, .)

.bss            0x0080008c        0xc
                0x0080008c                PROVIDE (__bss_start, .)
 *(.bss)
 .bss           0x0080008c        0x0 c:/program files (x86)/atmel/avr tools/avr toolchain/bin/../lib/gcc/avr/4.5.1/../../../../avr/lib/avr4/crtm8.o
 .bss           0x0080008c        0x0 Termometr2.o
 .bss           0x0080008c        0x0 lcd44780.o
 .bss           0x0080008c        0x0 onewire.o
 .bss           0x0080008c        0x0 ds18x20.o
 .bss           0x0080008c        0x0 crc8.o
 .bss           0x0080008c        0x0 c:/program files (x86)/atmel/avr tools/avr toolchain/bin/../lib/gcc/avr/4.5.1/avr4\libgcc.a(_exit.o)
 .bss           0x0080008c        0x0 c:/program files (x86)/atmel/avr tools/avr toolchain/bin/../lib/gcc/avr/4.5.1/avr4\libgcc.a(_copy_data.o)
 .bss           0x0080008c        0x0 c:/program files (x86)/atmel/avr tools/avr toolchain/bin/../lib/gcc/avr/4.5.1/avr4\libgcc.a(_clear_bss.o)
 .bss           0x0080008c        0x0 c:/program files (x86)/atmel/avr tools/avr toolchain/bin/../lib/gcc/avr/4.5.1/../../../../avr/lib/avr4\libc.a(itoa.o)
 .bss           0x0080008c        0x0 c:/program files (x86)/atmel/avr tools/avr toolchain/bin/../lib/gcc/avr/4.5.1/../../../../avr/lib/avr4\libc.a(eerd_byte_atmega8.o)
 .bss           0x0080008c        0x0 c:/program files (x86)/atmel/avr tools/avr toolchain/bin/../lib/gcc/avr/4.5.1/../../../../avr/lib/avr4\libc.a(strrev.o)
 .bss           0x0080008c        0x0 c:/program files (x86)/atmel/avr tools/avr toolchain/bin/../lib/gcc/avr/4.5.1/avr4\libgcc.a(_udivmodhi4.o)
 *(.bss*)
 *(COMMON)
 COMMON         0x0080008c        0x4 Termometr2.o
                0x0080008c                cel_fract_bits
                0x0080008d                subzero
                0x0080008e                cel
                0x0080008f                czujniki_cnt
 COMMON         0x00800090        0x8 ds18x20.o
                0x00800090                gSensorIDs
                0x00800098                PROVIDE (__bss_end, .)
                0x00000860                __data_load_start = LOADADDR (.data)
                0x0000088c                __data_load_end = (__data_load_start + SIZEOF (.data))

.noinit         0x00800098        0x0
                0x00800098                PROVIDE (__noinit_start, .)
 *(.noinit*)
                0x00800098                PROVIDE (__noinit_end, .)
                0x00800098                _end = .
                0x00800098                PROVIDE (__heap_start, .)

.eeprom         0x00810000        0x0
 *(.eeprom*)
                0x00810000                __eeprom_end = .

.fuse
 *(.fuse)
 *(.lfuse)
 *(.hfuse)
 *(.efuse)

.lock
 *(.lock*)

.signature
 *(.signature*)

.stab           0x00000000      0x9e4
 *(.stab)
 .stab          0x00000000      0x6cc c:/program files (x86)/atmel/avr tools/avr toolchain/bin/../lib/gcc/avr/4.5.1/../../../../avr/lib/avr4/crtm8.o
 .stab          0x000006cc      0x1b0 c:/program files (x86)/atmel/avr tools/avr toolchain/bin/../lib/gcc/avr/4.5.1/../../../../avr/lib/avr4\libc.a(itoa.o)
                                0x1bc (size before relaxing)
 .stab          0x0000087c       0x90 c:/program files (x86)/atmel/avr tools/avr toolchain/bin/../lib/gcc/avr/4.5.1/../../../../avr/lib/avr4\libc.a(eerd_byte_atmega8.o)
                                 0x9c (size before relaxing)
 .stab          0x0000090c       0xd8 c:/program files (x86)/atmel/avr tools/avr toolchain/bin/../lib/gcc/avr/4.5.1/../../../../avr/lib/avr4\libc.a(strrev.o)
                                 0xe4 (size before relaxing)

.stabstr        0x00000000      0x1b0
 *(.stabstr)
 .stabstr       0x00000000      0x1b0 c:/program files (x86)/atmel/avr tools/avr toolchain/bin/../lib/gcc/avr/4.5.1/../../../../avr/lib/avr4/crtm8.o

.stab.excl
 *(.stab.excl)

.stab.exclstr
 *(.stab.exclstr)

.stab.index
 *(.stab.index)

.stab.indexstr
 *(.stab.indexstr)

.comment
 *(.comment)

.debug
 *(.debug)

.line
 *(.line)

.debug_srcinfo
 *(.debug_srcinfo)

.debug_sfnames
 *(.debug_sfnames)

.debug_aranges  0x00000000       0xa0
 *(.debug_aranges)
 .debug_aranges
                0x00000000       0x20 Termometr2.o
 .debug_aranges
                0x00000020       0x20 lcd44780.o
 .debug_aranges
                0x00000040       0x20 onewire.o
 .debug_aranges
                0x00000060       0x20 ds18x20.o
 .debug_aranges
                0x00000080       0x20 crc8.o

.debug_pubnames
                0x00000000      0x2d3
 *(.debug_pubnames)
 .debug_pubnames
                0x00000000       0x53 Termometr2.o
 .debug_pubnames
                0x00000053       0xe8 lcd44780.o
 .debug_pubnames
                0x0000013b       0xb2 onewire.o
 .debug_pubnames
                0x000001ed       0xcb ds18x20.o
 .debug_pubnames
                0x000002b8       0x1b crc8.o

.debug_info     0x00000000     0x1051
 *(.debug_info)
 .debug_info    0x00000000      0x13c Termometr2.o
 .debug_info    0x0000013c      0x690 lcd44780.o
 .debug_info    0x000007cc      0x429 onewire.o
 .debug_info    0x00000bf5      0x358 ds18x20.o
 .debug_info    0x00000f4d      0x104 crc8.o
 *(.gnu.linkonce.wi.*)

.debug_abbrev   0x00000000      0x60d
 *(.debug_abbrev)
 .debug_abbrev  0x00000000       0xa4 Termometr2.o
 .debug_abbrev  0x000000a4      0x214 lcd44780.o
 .debug_abbrev  0x000002b8      0x1a6 onewire.o
 .debug_abbrev  0x0000045e      0x11a ds18x20.o
 .debug_abbrev  0x00000578       0x95 crc8.o

.debug_line     0x00000000      0xf55
 *(.debug_line)
 .debug_line    0x00000000      0x167 Termometr2.o
 .debug_line    0x00000167      0x527 lcd44780.o
 .debug_line    0x0000068e      0x423 onewire.o
 .debug_line    0x00000ab1      0x33f ds18x20.o
 .debug_line    0x00000df0      0x165 crc8.o

.debug_frame    0x00000000      0x270
 *(.debug_frame)
 .debug_frame   0x00000000       0x20 Termometr2.o
 .debug_frame   0x00000020      0x110 lcd44780.o
 .debug_frame   0x00000130       0xa0 onewire.o
 .debug_frame   0x000001d0       0x80 ds18x20.o
 .debug_frame   0x00000250       0x20 crc8.o

.debug_str      0x00000000      0x404
 *(.debug_str)
 .debug_str     0x00000000       0xcb Termometr2.o
                                 0xff (size before relaxing)
 .debug_str     0x000000cb      0x160 lcd44780.o
                                0x230 (size before relaxing)
 .debug_str     0x0000022b       0x9e onewire.o
                                0x1b7 (size before relaxing)
 .debug_str     0x000002c9       0xe2 ds18x20.o
                                0x1b7 (size before relaxing)
 .debug_str     0x000003ab       0x59 crc8.o
                                0x116 (size before relaxing)

.debug_loc      0x00000000      0xb8d
 *(.debug_loc)
 .debug_loc     0x00000000      0x40f lcd44780.o
 .debug_loc     0x0000040f      0x2a5 onewire.o
 .debug_loc     0x000006b4      0x3b9 ds18x20.o
 .debug_loc     0x00000a6d      0x120 crc8.o

.debug_macinfo
 *(.debug_macinfo)
OUTPUT(Termometr2.elf elf32-avr)
LOAD linker stubs

.debug_pubtypes
                0x00000000       0xd7
 .debug_pubtypes
                0x00000000       0x1e Termometr2.o
 .debug_pubtypes
                0x0000001e       0x38 lcd44780.o
 .debug_pubtypes
                0x00000056       0x2b onewire.o
 .debug_pubtypes
                0x00000081       0x2b ds18x20.o
 .debug_pubtypes
                0x000000ac       0x2b crc8.o
